Photos récupérées via Wikipédia : 12 / 628
Pas de photo libre, ignoré : Jean Roba
Pas de photo libre, ignoré : Edgar P. Jacobs
Personnalités culture & sport : 41
Pas d'image libre, ignoré : Haute École Galilée
Pas d'image libre, ignoré : Lapin à la tournaisienne
Enseignement : 33 · Gastronomie : 25
Pas de photo libre, ignoré : Frederik Deburghgraeve
Pas de photo libre, ignoré : Matthias Casse
Sport : 58
Pas d'image libre, ignoré : Triomphe de la Mort
Œuvres d'art : 20
Introuvable sur Wikipédia : Pauwel Kwak
Introuvable sur Wikipédia : Brugse Zot
Pas d'image libre, ignoré : Leffe
biere : 21
monument : 26
chateau : 21
Introuvable sur Wikipédia : Gille (folklore)
Introuvable sur Wikipédia : Saint-Nicolas en Belgique
Introuvable sur Wikipédia : Géant processionnel
Introuvable sur Wikipédia : Pêche à la crevette à cheval
folklore : 14
Introuvable sur Wikipédia : Vaya Con Dios (groupe)
Introuvable sur Wikipédia : Clouseau (groupe)
Introuvable sur Wikipédia : Dimitri Vegas et Like Mike
Pas d'image libre, ignoré : Les Snuls
Pas d'image libre, ignoré : Mud Flow
groupe : 15
Introuvable sur Wikipédia : Fêtes de Gand
Introuvable sur Wikipédia : Lokerse Feesten
Introuvable sur Wikipédia : Ronquières Festival
Introuvable sur Wikipédia : Brussels Jazz Marathon
Pas d'image libre, ignoré : Festival international du film fantastique de Bruxelles
Pas d'image libre, ignoré : Esperanzah!
Pas d'image libre, ignoré : Couleur Café
festival : 8
Photos alternatives : 168 / 191
1385 cartes
┌────────────────────────────┬────────┐
│ (index)                    │ Values │
├────────────────────────────┼────────┤
│ politique / commune        │ 237    │
│ politique / legendaire     │ 43     │
│ politique / rare           │ 188    │
│ politique / mythique       │ 11     │
│ politique / peu-commune    │ 11     │
│ politique / epique         │ 22     │
│ monarchie / legendaire     │ 5      │
│ monarchie / mythique       │ 2      │
│ culture / epique           │ 9      │
│ culture / legendaire       │ 3      │
│ culture / rare             │ 14     │
│ culture / peu-commune      │ 9      │
│ culture / commune          │ 6      │
│ enseignement / rare        │ 2      │
│ enseignement / commune     │ 25     │
│ enseignement / legendaire  │ 3      │
│ enseignement / epique      │ 2      │
│ enseignement / peu-commune │ 1      │
│ gastronomie / epique       │ 6      │
│ gastronomie / legendaire   │ 2      │
│ gastronomie / rare         │ 9      │
│ gastronomie / peu-commune  │ 6      │
│ gastronomie / commune      │ 2      │
│ sport / epique             │ 17     │
│ sport / legendaire         │ 5      │
│ sport / rare               │ 26     │
│ sport / peu-commune        │ 9      │
│ sport / commune            │ 1      │
│ art / legendaire           │ 1      │
│ art / epique               │ 7      │
│ art / rare                 │ 7      │
│ art / peu-commune          │ 3      │
│ art / commune              │ 2      │
│ biere / commune            │ 2      │
│ biere / epique             │ 8      │
│ biere / legendaire         │ 2      │
│ biere / mythique           │ 1      │
│ biere / rare               │ 5      │
│ biere / peu-commune        │ 3      │
│ monument / rare            │ 11     │
│ monument / peu-commune     │ 5      │
│ monument / epique          │ 9      │
│ monument / legendaire      │ 1      │
│ chateau / commune          │ 1      │
│ chateau / rare             │ 9      │
│ chateau / peu-commune      │ 4      │
│ chateau / epique           │ 6      │
│ chateau / legendaire       │ 1      │
│ folklore / rare            │ 4      │
│ folklore / epique          │ 6      │
│ folklore / peu-commune     │ 3      │
│ folklore / commune         │ 1      │
│ groupe / rare              │ 7      │
│ groupe / peu-commune       │ 4      │
│ groupe / epique            │ 2      │
│ groupe / legendaire        │ 1      │
│ groupe / commune           │ 1      │
│ festival / peu-commune     │ 4      │
│ festival / legendaire      │ 1      │
│ festival / rare            │ 3      │
│ commune / peu-commune      │ 185    │
│ commune / commune          │ 268    │
│ commune / rare             │ 87     │
│ commune / epique           │ 20     │
│ commune / legendaire       │ 5      │
│ region / legendaire        │ 3      │
│ province / epique          │ 10     │
│ evenement / mythique       │ 6      │
└────────────────────────────┴────────┘
exit 0
